0000              1   
                 -1   $MODDE0CV
0000              1   ;  MODDDE2: Register definition for DE2-8052 softcore
0000              2   ;
0000              3   ;   Copyright (C) 2011  Jesus Calvino-Fraga, jesusc at ece.ubc.ca
0000              4   ;
0000              5   ;   This library is free software; you can redistribute it and/or
0000              6   ;   modify it under the terms of the GNU Lesser General Public
0000              7   ;   License as published by the Free Software Foundation; either
0000              8   ;   version 2.1 of the License, or (at your option) any later version.
0000              9   ;
0000             10   ;   This library is distributed in the hope that it will be useful,
0000             11   ;   but WITHOUT ANY WARRANTY; without even the implied warranty of
0000             12   ;   MERCHANTABILITY or FITNESS FOR A PARTICULAR PURPOSE.  See the GNU
0000             13   ;   Lesser General Public License for more details.
0000             14   ;
0000             15   ;   You should have received a copy of the GNU Lesser General Public
0000             16   ;   License along with this library; if not, write to the Free Software
0000             17   ;   Foundation, Inc., 59 Temple Place, Suite 330, Boston, MA  02111-1307 USA
0000             18   ;
0000             19       
0000             20   P0     DATA  080H  ;PORT 0
0000             21   SP     DATA  081H  ;STACK POINTER
0000             22   DPL    DATA  082H  ;DATA POINTER 0 - LOW BYTE
0000             23   DPH    DATA  083H  ;DATA POINTER 0 - HIGH BYTE
0000             24   DPL1   DATA  084H  ;DATA POINTER 1 - LOW BYTE
0000             25   DPH1   DATA  085H  ;DATA POINTER 1 - HIGH BYTE
0000             26   DPS    DATA  086H  ;DATA POINTER SELECT. DPH1, DPL1 active when DPS.0=1
0000             27   PCON   DATA  087H  ;POWER CONTROL
0000             28   TCON   DATA  088H  ;TIMER CONTROL
0000             29   TMOD   DATA  089H  ;TIMER MODE
0000             30   TL0    DATA  08AH  ;TIMER 0 - LOW BYTE
0000             31   TL1    DATA  08BH  ;TIMER 1 - LOW BYTE
0000             32   TH0    DATA  08CH  ;TIMER 0 - HIGH BYTE
0000             33   TH1    DATA  08DH  ;TIMER 1 - HIGH BYTE
0000             34   P1     DATA  090H  ;PORT 1
0000             35   SCON   DATA  098H  ;SERIAL PORT CONTROL
0000             36   SBUF   DATA  099H  ;SERIAL PORT BUFFER
0000             37   P2     DATA  0A0H  ;PORT 2
0000             38   IE     DATA  0A8H  ;INTERRUPT ENABLE
0000             39   P3     DATA  0B0H  ;PORT 3
0000             40   IP     DATA  0B8H  ;INTERRUPT PRIORITY
0000             41   T2CON  DATA  0C8H  ;TIMER 2 CONTROL
0000             42   T2MOD  DATA  0C9H  ;TIMER 2 MODE
0000             43   RCAP2L DATA  0CAH  ;TIMER 2 CAPTURE REGISTER - LOW BYTE
0000             44   RCAP2H DATA  0CBH  ;TIMER 2 CAPTURE REGISTER - HIGH BYTE
0000             45   TL2    DATA  0CCH  ;TIMER 2 - LOW BYTE
0000             46   TH2    DATA  0CDH  ;TIMER 2 - HIGH BYTE
0000             47   PSW    DATA  0D0H  ;PROGRAM STATUS WORD
0000             48   ACC    DATA  0E0H  ;ACCUMULATOR
0000             49   B      DATA  0F0H  ;MULTIPLICATION REGISTER
0000             50   IT0    BIT   088H  ;TCON.0 - EXT. INTERRUPT 0 TYPE
0000             51   IE0    BIT   089H  ;TCON.1 - EXT. INTERRUPT 0 EDGE FLAG
0000             52   IT1    BIT   08AH  ;TCON.2 - EXT. INTERRUPT 1 TYPE
0000             53   IE1    BIT   08BH  ;TCON.3 - EXT. INTERRUPT 1 EDGE FLAG
0000             54   TR0    BIT   08CH  ;TCON.4 - TIMER 0 ON/OFF CONTROL
0000             55   TF0    BIT   08DH  ;TCON.5 - TIMER 0 OVERFLOW FLAG
0000             56   TR1    BIT   08EH  ;TCON.6 - TIMER 1 ON/OFF CONTROL
0000             57   TF1    BIT   08FH  ;TCON.7 - TIMER 1 OVERFLOW FLAG
0000             58   RI     BIT   098H  ;SCON.0 - RECEIVE INTERRUPT FLAG
0000             59   TI     BIT   099H  ;SCON.1 - TRANSMIT INTERRUPT FLAG
0000             60   RB8    BIT   09AH  ;SCON.2 - RECEIVE BIT 8
0000             61   TB8    BIT   09BH  ;SCON.3 - TRANSMIT BIT 8
0000             62   REN    BIT   09CH  ;SCON.4 - RECEIVE ENABLE
0000             63   SM2    BIT   09DH  ;SCON.5 - SERIAL MODE CONTROL BIT 2
0000             64   SM1    BIT   09EH  ;SCON.6 - SERIAL MODE CONTROL BIT 1
0000             65   SM0    BIT   09FH  ;SCON.7 - SERIAL MODE CONTROL BIT 0
0000             66   EX0    BIT   0A8H  ;IE.0 - EXTERNAL INTERRUPT 0 ENABLE
0000             67   ET0    BIT   0A9H  ;IE.1 - TIMER 0 INTERRUPT ENABLE
0000             68   EX1    BIT   0AAH  ;IE.2 - EXTERNAL INTERRUPT 1 ENABLE
0000             69   ET1    BIT   0ABH  ;IE.3 - TIMER 1 INTERRUPT ENABLE
0000             70   ES     BIT   0ACH  ;IE.4 - SERIAL PORT INTERRUPT ENABLE
0000             71   ET2    BIT   0ADH  ;IE.5 - TIMER 2 INTERRUPT ENABLE
0000             72   EA     BIT   0AFH  ;IE.7 - GLOBAL INTERRUPT ENABLE
0000             73   RXD    BIT   0B0H  ;P3.0 - SERIAL PORT RECEIVE INPUT
0000             74   TXD    BIT   0B1H  ;P3.1 - SERIAL PORT TRANSMIT OUTPUT
0000             75   INT0   BIT   0B2H  ;P3.2 - EXTERNAL INTERRUPT 0 INPUT
0000             76   INT1   BIT   0B3H  ;P3.3 - EXTERNAL INTERRUPT 1 INPUT
0000             77   T0     BIT   0B4H  ;P3.4 - TIMER 0 COUNT INPUT
0000             78   T1     BIT   0B5H  ;P3.5 - TIMER 1 COUNT INPUT
0000             79   WR     BIT   0B6H  ;P3.6 - WRITE CONTROL FOR EXT. MEMORY
0000             80   RD     BIT   0B7H  ;P3.7 - READ CONTROL FOR EXT. MEMORY
0000             81   PX0    BIT   0B8H  ;IP.0 - EXTERNAL INTERRUPT 0 PRIORITY
0000             82   PT0    BIT   0B9H  ;IP.1 - TIMER 0 PRIORITY
0000             83   PX1    BIT   0BAH  ;IP.2 - EXTERNAL INTERRUPT 1 PRIORITY
0000             84   PT1    BIT   0BBH  ;IP.3 - TIMER 1 PRIORITY
0000             85   PS     BIT   0BCH  ;IP.4 - SERIAL PORT PRIORITY
0000             86   PT2    BIT   0BDH  ;IP.5 - TIMER 2 PRIORITY
0000             87   CAP2   BIT   0C8H  ;T2CON.0 - CAPTURE OR RELOAD SELECT
0000             88   CNT2   BIT   0C9H  ;T2CON.1 - TIMER OR COUNTER SELECT
0000             89   TR2    BIT   0CAH  ;T2CON.2 - TIMER 2 ON/OFF CONTROL
0000             90   EXEN2  BIT   0CBH  ;T2CON.3 - TIMER 2 EXTERNAL ENABLE FLAG
0000             91   TCLK   BIT   0CCH  ;T2CON.4 - TRANSMIT CLOCK SELECT
0000             92   RCLK   BIT   0CDH  ;T2CON.5 - RECEIVE CLOCK SELECTT
0000             93   EXF2   BIT   0CEH  ;T2CON.6 - EXTERNAL TRANSITION FLAG
0000             94   TF2    BIT   0CFH  ;T2CON.7 - TIMER 2 OVERFLOW FLAG
0000             95   P      BIT   0D0H  ;PSW.0 - ACCUMULATOR PARITY FLAG
0000             96   OV     BIT   0D2H  ;PSW.2 - OVERFLOW FLAG
0000             97   RS0    BIT   0D3H  ;PSW.3 - REGISTER BANK SELECT 0
0000             98   RS1    BIT   0D4H  ;PSW.4 - REGISTER BANK SELECT 1
0000             99   F0     BIT   0D5H  ;PSW.5 - FLAG 0
0000            100   AC     BIT   0D6H  ;PSW.6 - AUXILIARY CARRY FLAG
0000            101   CY     BIT   0D7H  ;PSW.7 - CARRY FLAG
0000            102   
0000            103   ; For the altera DE2 configured with an 8051/8052 softcore processor
0000            104   ; we have the following extra registers:
0000            105   
0000            106   HEX0   DATA  091H ; Zero turns the segment on
0000            107   HEX1   DATA  092H ; 
0000            108   HEX2   DATA  093H ; 
0000            109   HEX3   DATA  094H ; 
0000            110   HEX4   DATA  08EH ;
0000            111   HEX5   DATA  08FH ;
0000            112   HEX6   DATA  096H ;
0000            113   HEX7   DATA  097H ;
0000            114   
0000            115   P0MOD  DATA  09AH ; Input/output mode bits for port 0.  '1' sets the port to output mode.
0000            116   P1MOD  DATA  09BH ; Input/output mode bits for port 1
0000            117   P2MOD  DATA  09CH ; Input/output mode bits for port 2
0000            118   P3MOD  DATA  09DH ; Input/output mode bits for port 3
0000            119   
0000            120   LEDRA  DATA  0E8H ; LEDs LEDR0 to LEDR7 (bit addressable, ex: LEDRA.1 for LEDR1)
0000            121   LEDRB  DATA  095H ; LEDs LEDR8 to LEDR15
0000            122   LEDRC  DATA  09EH ; LEDs LEDR16, LEDR15, and LEDG8
0000            123   LEDG   DATA  0F8H ; LEDs LEDG0 to LEDG7 (bit addressable, ex: LEDG.3 for LEDG3)
0000            124   SWA    DATA  0E8H ; Switches SW0 to SW7 (bit addressable, ex: SWA.1 for SW1)
0000            125   SWB    DATA  095H ; Switches SW8 to SW15
0000            126   SWC    DATA  09EH ; Switches SW16 and SW17
0000            127   KEY    DATA  0F8H ; KEY1=KEY.1, KEY2=KEY.2, KEY3=KEY.3.  KEY0 is the reset button! 
0000            128   
0000            129   LCD_CMD   DATA 0D8H ;
0000            130   LCD_DATA  DATA 0D9H ;
0000            131   LCD_MOD   DATA 0DAH ; Write 0xff to make LCD_DATA an output
0000            132   LCD_RW    BIT  0D8H ; '0' writes to LCD
0000            133   LCD_EN    BIT  0D9H ; Toggle from '1' to '0'
0000            134   LCD_RS    BIT  0DAH ; '0' for commands, '1' for data
0000            135   LCD_ON    BIT  0DBH ; Write '1' to power the LCD
0000            136   LCD_BLON  BIT  0DCH ; Write '1' to turn on back light
0000            137   
0000            138   FLASH_CMD  data 0DBH ; The control bits of the flash memory:
0000            139   ; bit 0: FL_RST_N  Set to 1 for normal operation
0000            140   ; bit 1: FL_WE_N
0000            141   ; bit 2: FL_OE_N
0000            142   ; bit 3: FL_CE_N
0000            143   FLASH_DATA data 0DCH ; 8-bit data bus of flash memory.
0000            144   FLASH_MOD  data 0DDH ; 0xff makes FLASH_DATA output.  0x00 makes FLASH_DATA input.
0000            145   FLASH_ADD0 data 0E1H ; address bits 0 to 7.
0000            146   FLASH_ADD1 data 0E2H ; address bits 8 to 15.
0000            147   FLASH_ADD2 data 0E3H ; address bits 16 to 21.
0000            148   
0000              3   
0000              4   THREE equ #0110000B
0000              5   FIVE  equ #0010010B
0000              6   ZERO  equ #1000000B
0000              7   SEVEN equ #1111000B
0000              8   TWO   equ #0100100B
0000              9   ONE   equ #1111001B
0000             10   DASH  equ #0111111B
0000             11   SPACE equ #1111111B
0000             12   
0000             13   org 0000H
0000 020010      14            ljmp myprogram 
0003             15            
0003             16   ;For a 33.33MHz clock takes 30ns
0003             17   
0003             18   WaitHalfSec:
0003 7A5A        19            mov R2, #90
0005 79FA        20   L3:      mov R1, #250
0007 78FA        21   L2:      mov R0, #250
0009 D8FE        22   L1: djnz R0, L1 ;3 Machince cycles 
000B D9FA        23            djnz R1, L2
000D DAF6        24            djnz R2, L3 
000F 22          25            ret
0010             26            
0010             27   myprogram:
0010 75817F      28            mov SP, #7FH
0013 75E800      29            mov LEDRA, #0
0016 759500      30            mov LEDRB, #0
0019             31            
0019             32   M0:
0019 759130      33            mov HEX0, THREE
001C 120003      34            lcall WaitHalfSec
001F             35            
001F 759230      36            mov HEX1, THREE
0022 759112      37            mov HEX0, FIVE
0025 120003      38            lcall WaitHalfSec
0028             39   
0028 759330      40            mov HEX2, THREE
002B 759212      41            mov HEX1, FIVE
002E 759140      42            mov HEX0, ZERO
0031 120003      43            lcall WaitHalfSec
0034             44   
0034 759430      45            mov HEX3, THREE
0037 759312      46            mov HEX2, FIVE
003A 759240      47            mov HEX1, ZERO
003D 759178      48            mov HEX0, SEVEN
0040 120003      49            lcall WaitHalfSec
0043             50   
0043 758E30      51            mov HEX4, THREE
0046 759412      52            mov HEX3, FIVE
0049 759340      53            mov HEX2, ZERO
004C             54   
004C             55   M1:
004C             56   
004C 758F30      57            mov HEX5, THREE
004F 758E12      58            mov HEX4, FIVE
0052 759440      59            mov HEX3, ZERO
0055 759378      60            mov HEX2, SEVEN
0058 759224      61            mov HEX1, TWO
005B 759179      62            mov HEX0, ONE
005E 120003      63            lcall WaitHalfSec
0061             64   
0061 758F12      65            mov HEX5, FIVE
0064 758E40      66            mov HEX4, ZERO
0067 759478      67            mov HEX3, SEVEN
006A 759324      68            mov HEX2, TWO
006D 759279      69            mov HEX1, ONE
0070 759130      70            mov HEX0, THREE
0073 120003      71            lcall WaitHalfSec       
0076             72   
0076 758F40      73            mov HEX5, ZERO
0079 758E78      74            mov HEX4, SEVEN
007C 759424      75            mov HEX3, TWO
007F 759379      76            mov HEX2, ONE
0082 759230      77            mov HEX1, THREE
0085 759179      78            mov HEX0, ONE
0088 120003      79            lcall WaitHalfSec
008B             80   
008B 758F78      81            mov HEX5, SEVEN
008E 758E24      82            mov HEX4, TWO
0091 759479      83            mov HEX3, ONE
0094 759330      84            mov HEX2, THREE
0097 759279      85            mov HEX1, ONE
009A 75917F      86            mov HEX0, SPACE
009D 120003      87            lcall WaitHalfSec
00A0             88   
00A0 758F24      89            mov HEX5, TWO
00A3 758E79      90            mov HEX4, ONE
00A6 759430      91            mov HEX3, THREE
00A9 759379      92            mov HEX2, ONE
00AC 75927F      93            mov HEX1, SPACE
00AF 75913F      94            mov HEX0, DASH
00B2 120003      95            lcall WaitHalfSec
00B5             96            
00B5 758F79      97            mov HEX5, ONE
00B8 758E30      98            mov HEX4, THREE
00BB 759479      99            mov HEX3, ONE
00BE 75937F     100            mov HEX2, SPACE
00C1 75923F     101            mov HEX1, DASH
00C4 75917F     102            mov HEX0, SPACE
00C7 120003     103            lcall WaitHalfSec
00CA            104            
00CA 758F30     105            mov HEX5, THREE
00CD 758E79     106            mov HEX4, ONE
00D0 75947F     107            mov HEX3, SPACE
00D3 75933F     108            mov HEX2, DASH
00D6 75927F     109            mov HEX1, SPACE 
00D9 75917F     110            mov HEX0, SPACE
00DC 120003     111            lcall WaitHalfSec
00DF            112   
00DF 758F79     113            mov HEX5, ONE
00E2 758E7F     114            mov HEX4, SPACE
00E5 75943F     115            mov HEX3, DASH
00E8 75937F     116            mov HEX2, SPACE 
00EB 75927F     117            mov HEX1, SPACE
00EE 75917F     118            mov HEX0, SPACE
00F1 120003     119            lcall WaitHalfSec
00F4            120   
00F4 758F7F     121            mov HEX5, SPACE
00F7 758E3F     122            mov HEX4, DASH
00FA 75947F     123            mov HEX3, SPACE 
00FD 75937F     124            mov HEX2, SPACE
0100 75927F     125            mov HEX1, SPACE
0103 75917F     126            mov HEX0, SPACE
0106 120003     127            lcall WaitHalfSec
0109            128   
0109 758F3F     129            mov HEX5, DASH
010C 758E7F     130            mov HEX4, SPACE 
010F 75947F     131            mov HEX3, SPACE
0112 75937F     132            mov HEX2, SPACE
0115 75927F     133            mov HEX1, SPACE
0118 75917F     134            mov HEX0, SPACE
011B 120003     135            lcall WaitHalfSec
011E            136   
011E 758F7F     137            mov HEX5, SPACE 
0121 758E7F     138            mov HEX4, SPACE
0124 75947F     139            mov HEX3, SPACE
0127 75937F     140            mov HEX2, SPACE
012A 75927F     141            mov HEX1, SPACE
012D 75917F     142            mov HEX0, SPACE
0130 120003     143            lcall WaitHalfSec
0133            144   
0133 758F40     145            mov HEX5, ZERO 
0136 758E7F     146            mov HEX4, SPACE
0139 75947F     147            mov HEX3, SPACE
013C 75937F     148            mov HEX2, SPACE
013F 75927F     149            mov HEX1, SPACE
0142 75917F     150            mov HEX0, SPACE
0145 120003     151            lcall WaitHalfSec
0148            152            
0148 758F12     153            mov HEX5, FIVE 
014B 758E40     154            mov HEX4, ZERO
014E 75947F     155            mov HEX3, SPACE
0151 75937F     156            mov HEX2, SPACE
0154 75927F     157            mov HEX1, SPACE
0157 75917F     158            mov HEX0, SPACE
015A 120003     159            lcall WaitHalfSec
015D            160   
015D 758F30     161            mov HEX5, THREE 
0160 758E12     162            mov HEX4, FIVE
0163 759440     163            mov HEX3, ZERO
0166 75937F     164            mov HEX2, SPACE
0169 75927F     165            mov HEX1, SPACE
016C 75917F     166            mov HEX0, SPACE
016F 120003     167            lcall WaitHalfSec
0172            168            
0172 758F30     169            mov HEX5, THREE 
0175 758E12     170            mov HEX4, FIVE
0178 759440     171            mov HEX3, ZERO
017B 75937F     172            mov HEX2, SPACE
017E 75927F     173            mov HEX1, SPACE
0181 759178     174            mov HEX0, SEVEN
0184 120003     175            lcall WaitHalfSec
0187            176            
0187 758F30     177            mov HEX5, THREE 
018A 758E12     178            mov HEX4, FIVE
018D 759440     179            mov HEX3, ZERO
0190 75937F     180            mov HEX2, SPACE
0193 759278     181            mov HEX1, SEVEN
0196 759124     182            mov HEX0, TWO
0199 120003     183            lcall WaitHalfSec
019C            184            
019C 758F30     185            mov HEX5, THREE
019F 758E12     186            mov HEX4, FIVE
01A2 759440     187            mov HEX3, ZERO
01A5 759378     188            mov HEX2, SEVEN
01A8 759224     189            mov HEX1, TWO
01AB 759179     190            mov HEX0, ONE
01AE 120003     191            lcall WaitHalfSec
01B1            192   
01B1 758F12     193            mov HEX5, FIVE
01B4 758E40     194            mov HEX4, ZERO
01B7 759478     195            mov HEX3, SEVEN
01BA 759324     196            mov HEX2, TWO
01BD 759279     197            mov HEX1, ONE
01C0 759130     198            mov HEX0, THREE
01C3 120003     199            lcall WaitHalfSec       
01C6            200   
01C6 758F40     201            mov HEX5, ZERO
01C9 758E78     202            mov HEX4, SEVEN
01CC 759424     203            mov HEX3, TWO
01CF 759379     204            mov HEX2, ONE
01D2 759230     205            mov HEX1, THREE
01D5 759179     206            mov HEX0, ONE
01D8 120003     207            lcall WaitHalfSec
01DB            208   
01DB 758F78     209            mov HEX5, SEVEN
01DE 758E24     210            mov HEX4, TWO
01E1 759479     211            mov HEX3, ONE
01E4 759330     212            mov HEX2, THREE
01E7 759279     213            mov HEX1, ONE
01EA 75917F     214            mov HEX0, SPACE
01ED 120003     215            lcall WaitHalfSec
01F0            216   
01F0 758F24     217            mov HEX5, TWO
01F3 758E79     218            mov HEX4, ONE
01F6 759430     219            mov HEX3, THREE
01F9 759379     220            mov HEX2, ONE
01FC 75927F     221            mov HEX1, SPACE
01FF 75913F     222            mov HEX0, DASH
0202 120003     223            lcall WaitHalfSec
0205            224            
0205 758F79     225            mov HEX5, ONE
0208 758E30     226            mov HEX4, THREE
020B 759479     227            mov HEX3, ONE
020E 75937F     228            mov HEX2, SPACE
0211 75923F     229            mov HEX1, DASH
0214 75917F     230            mov HEX0, SPACE
0217 120003     231            lcall WaitHalfSec
021A            232            
021A 758F30     233            mov HEX5, THREE
021D 758E79     234            mov HEX4, ONE
0220 75947F     235            mov HEX3, SPACE
0223 75933F     236            mov HEX2, DASH
0226 75927F     237            mov HEX1, SPACE 
0229 75917F     238            mov HEX0, SPACE
022C 120003     239            lcall WaitHalfSec
022F            240   
022F 758F79     241            mov HEX5, ONE
0232 758E7F     242            mov HEX4, SPACE
0235 75943F     243            mov HEX3, DASH
0238 75937F     244            mov HEX2, SPACE 
023B 75927F     245            mov HEX1, SPACE
023E 75917F     246            mov HEX0, SPACE
0241 120003     247            lcall WaitHalfSec
0244            248   
0244 758F7F     249            mov HEX5, SPACE
0247 758E3F     250            mov HEX4, DASH
024A 75947F     251            mov HEX3, SPACE 
024D 75937F     252            mov HEX2, SPACE
0250 75927F     253            mov HEX1, SPACE
0253 75917F     254            mov HEX0, SPACE
0256 120003     255            lcall WaitHalfSec
0259            256   
0259 758F3F     257            mov HEX5, DASH
025C 758E7F     258            mov HEX4, SPACE 
025F 75947F     259            mov HEX3, SPACE
0262 75937F     260            mov HEX2, SPACE
0265 75927F     261            mov HEX1, SPACE
0268 75917F     262            mov HEX0, SPACE
026B 120003     263            lcall WaitHalfSec
026E            264   
026E 758F7F     265            mov HEX5, SPACE 
0271 758E7F     266            mov HEX4, SPACE
0274 75947F     267            mov HEX3, SPACE
0277 75937F     268            mov HEX2, SPACE
027A 75927F     269            mov HEX1, SPACE
027D 75917F     270            mov HEX0, SPACE
0280 120003     271            lcall WaitHalfSec
0283            272            
0283 758F7F     273            mov HEX5, SPACE 
0286 758E7F     274            mov HEX4, SPACE
0289 759430     275            mov HEX3, THREE
028C 75937F     276            mov HEX2, SPACE
028F 75927F     277            mov HEX1, SPACE
0292 75917F     278            mov HEX0, SPACE
0295 120003     279            lcall WaitHalfSec
0298            280   
0298 758F7F     281            mov HEX5, SPACE 
029B 758E7F     282            mov HEX4, SPACE
029E 75947F     283            mov HEX3, SPACE
02A1 75937F     284            mov HEX2, SPACE
02A4 759212     285            mov HEX1, FIVE
02A7 75917F     286            mov HEX0, SPACE
02AA 120003     287            lcall WaitHalfSec
02AD            288            
02AD 758F40     289            mov HEX5, ZERO 
02B0 758E7F     290            mov HEX4, SPACE
02B3 75947F     291            mov HEX3, SPACE
02B6 75937F     292            mov HEX2, SPACE
02B9 75927F     293            mov HEX1, SPACE
02BC 75917F     294            mov HEX0, SPACE
02BF 120003     295            lcall WaitHalfSec
02C2            296            
02C2 758F7F     297            mov HEX5, SPACE 
02C5 758E7F     298            mov HEX4, SPACE
02C8 75947F     299            mov HEX3, SPACE
02CB 75937F     300            mov HEX2, SPACE
02CE 75927F     301            mov HEX1, SPACE
02D1 759178     302            mov HEX0, SEVEN
02D4 120003     303            lcall WaitHalfSec
02D7            304            
02D7 758F7F     305            mov HEX5, SPACE 
02DA 758E7F     306            mov HEX4, SPACE
02DD 75947F     307            mov HEX3, SPACE
02E0 75937F     308            mov HEX2, SPACE
02E3 75927F     309            mov HEX1, SPACE
02E6 759124     310            mov HEX0, TWO
02E9 120003     311            lcall WaitHalfSec
02EC            312            
02EC 758F7F     313            mov HEX5, SPACE 
02EF 758E7F     314            mov HEX4, SPACE
02F2 75947F     315            mov HEX3, SPACE
02F5 759379     316            mov HEX2, ONE
02F8 75927F     317            mov HEX1, SPACE
02FB 75917F     318            mov HEX0, SPACE
02FE 120003     319            lcall WaitHalfSec
0301            320            
0301 758F30     321            mov HEX5, THREE 
0304 758E12     322            mov HEX4, FIVE
0307 759440     323            mov HEX3, ZERO
030A 759378     324            mov HEX2, SEVEN
030D 759224     325            mov HEX1, TWO
0310 759179     326            mov HEX0, ONE
0313 120003     327            lcall WaitHalfSec
0316            328            
0316 758F7F     329            mov HEX5, SPACE 
0319 758E7F     330            mov HEX4, SPACE
031C 759430     331            mov HEX3, THREE
031F 759379     332            mov HEX2, ONE
0322 75927F     333            mov HEX1, SPACE
0325 75917F     334            mov HEX0, SPACE
0328 120003     335            lcall WaitHalfSec
032B            336            
032B 02004C     337            ljmp M1
032E            338            
032E            339   
032E            340   END      
