                 -1   $MODDE0CV
0000              1   ;  MODDDE2: Register definition for DE2-8052 softcore
0000              2   ;
0000              3   ;   Copyright (C) 2011  Jesus Calvino-Fraga, jesusc at ece.ubc.ca
0000              4   ;
0000              5   ;   This library is free software; you can redistribute it and/or
0000              6   ;   modify it under the terms of the GNU Lesser General Public
0000              7   ;   License as published by the Free Software Foundation; either
0000              8   ;   version 2.1 of the License, or (at your option) any later version.
0000              9   ;
0000             10   ;   This library is distributed in the hope that it will be useful,
0000             11   ;   but WITHOUT ANY WARRANTY; without even the implied warranty of
0000             12   ;   MERCHANTABILITY or FITNESS FOR A PARTICULAR PURPOSE.  See the GNU
0000             13   ;   Lesser General Public License for more details.
0000             14   ;
0000             15   ;   You should have received a copy of the GNU Lesser General Public
0000             16   ;   License along with this library; if not, write to the Free Software
0000             17   ;   Foundation, Inc., 59 Temple Place, Suite 330, Boston, MA  02111-1307 USA
0000             18   ;
0000             19       
0000             20   P0     DATA  080H  ;PORT 0
0000             21   SP     DATA  081H  ;STACK POINTER
0000             22   DPL    DATA  082H  ;DATA POINTER 0 - LOW BYTE
0000             23   DPH    DATA  083H  ;DATA POINTER 0 - HIGH BYTE
0000             24   DPL1   DATA  084H  ;DATA POINTER 1 - LOW BYTE
0000             25   DPH1   DATA  085H  ;DATA POINTER 1 - HIGH BYTE
0000             26   DPS    DATA  086H  ;DATA POINTER SELECT. DPH1, DPL1 active when DPS.0=1
0000             27   PCON   DATA  087H  ;POWER CONTROL
0000             28   TCON   DATA  088H  ;TIMER CONTROL
0000             29   TMOD   DATA  089H  ;TIMER MODE
0000             30   TL0    DATA  08AH  ;TIMER 0 - LOW BYTE
0000             31   TL1    DATA  08BH  ;TIMER 1 - LOW BYTE
0000             32   TH0    DATA  08CH  ;TIMER 0 - HIGH BYTE
0000             33   TH1    DATA  08DH  ;TIMER 1 - HIGH BYTE
0000             34   P1     DATA  090H  ;PORT 1
0000             35   SCON   DATA  098H  ;SERIAL PORT CONTROL
0000             36   SBUF   DATA  099H  ;SERIAL PORT BUFFER
0000             37   P2     DATA  0A0H  ;PORT 2
0000             38   IE     DATA  0A8H  ;INTERRUPT ENABLE
0000             39   P3     DATA  0B0H  ;PORT 3
0000             40   IP     DATA  0B8H  ;INTERRUPT PRIORITY
0000             41   T2CON  DATA  0C8H  ;TIMER 2 CONTROL
0000             42   T2MOD  DATA  0C9H  ;TIMER 2 MODE
0000             43   RCAP2L DATA  0CAH  ;TIMER 2 CAPTURE REGISTER - LOW BYTE
0000             44   RCAP2H DATA  0CBH  ;TIMER 2 CAPTURE REGISTER - HIGH BYTE
0000             45   TL2    DATA  0CCH  ;TIMER 2 - LOW BYTE
0000             46   TH2    DATA  0CDH  ;TIMER 2 - HIGH BYTE
0000             47   PSW    DATA  0D0H  ;PROGRAM STATUS WORD
0000             48   ACC    DATA  0E0H  ;ACCUMULATOR
0000             49   B      DATA  0F0H  ;MULTIPLICATION REGISTER
0000             50   IT0    BIT   088H  ;TCON.0 - EXT. INTERRUPT 0 TYPE
0000             51   IE0    BIT   089H  ;TCON.1 - EXT. INTERRUPT 0 EDGE FLAG
0000             52   IT1    BIT   08AH  ;TCON.2 - EXT. INTERRUPT 1 TYPE
0000             53   IE1    BIT   08BH  ;TCON.3 - EXT. INTERRUPT 1 EDGE FLAG
0000             54   TR0    BIT   08CH  ;TCON.4 - TIMER 0 ON/OFF CONTROL
0000             55   TF0    BIT   08DH  ;TCON.5 - TIMER 0 OVERFLOW FLAG
0000             56   TR1    BIT   08EH  ;TCON.6 - TIMER 1 ON/OFF CONTROL
0000             57   TF1    BIT   08FH  ;TCON.7 - TIMER 1 OVERFLOW FLAG
0000             58   RI     BIT   098H  ;SCON.0 - RECEIVE INTERRUPT FLAG
0000             59   TI     BIT   099H  ;SCON.1 - TRANSMIT INTERRUPT FLAG
0000             60   RB8    BIT   09AH  ;SCON.2 - RECEIVE BIT 8
0000             61   TB8    BIT   09BH  ;SCON.3 - TRANSMIT BIT 8
0000             62   REN    BIT   09CH  ;SCON.4 - RECEIVE ENABLE
0000             63   SM2    BIT   09DH  ;SCON.5 - SERIAL MODE CONTROL BIT 2
0000             64   SM1    BIT   09EH  ;SCON.6 - SERIAL MODE CONTROL BIT 1
0000             65   SM0    BIT   09FH  ;SCON.7 - SERIAL MODE CONTROL BIT 0
0000             66   EX0    BIT   0A8H  ;IE.0 - EXTERNAL INTERRUPT 0 ENABLE
0000             67   ET0    BIT   0A9H  ;IE.1 - TIMER 0 INTERRUPT ENABLE
0000             68   EX1    BIT   0AAH  ;IE.2 - EXTERNAL INTERRUPT 1 ENABLE
0000             69   ET1    BIT   0ABH  ;IE.3 - TIMER 1 INTERRUPT ENABLE
0000             70   ES     BIT   0ACH  ;IE.4 - SERIAL PORT INTERRUPT ENABLE
0000             71   ET2    BIT   0ADH  ;IE.5 - TIMER 2 INTERRUPT ENABLE
0000             72   EA     BIT   0AFH  ;IE.7 - GLOBAL INTERRUPT ENABLE
0000             73   RXD    BIT   0B0H  ;P3.0 - SERIAL PORT RECEIVE INPUT
0000             74   TXD    BIT   0B1H  ;P3.1 - SERIAL PORT TRANSMIT OUTPUT
0000             75   INT0   BIT   0B2H  ;P3.2 - EXTERNAL INTERRUPT 0 INPUT
0000             76   INT1   BIT   0B3H  ;P3.3 - EXTERNAL INTERRUPT 1 INPUT
0000             77   T0     BIT   0B4H  ;P3.4 - TIMER 0 COUNT INPUT
0000             78   T1     BIT   0B5H  ;P3.5 - TIMER 1 COUNT INPUT
0000             79   WR     BIT   0B6H  ;P3.6 - WRITE CONTROL FOR EXT. MEMORY
0000             80   RD     BIT   0B7H  ;P3.7 - READ CONTROL FOR EXT. MEMORY
0000             81   PX0    BIT   0B8H  ;IP.0 - EXTERNAL INTERRUPT 0 PRIORITY
0000             82   PT0    BIT   0B9H  ;IP.1 - TIMER 0 PRIORITY
0000             83   PX1    BIT   0BAH  ;IP.2 - EXTERNAL INTERRUPT 1 PRIORITY
0000             84   PT1    BIT   0BBH  ;IP.3 - TIMER 1 PRIORITY
0000             85   PS     BIT   0BCH  ;IP.4 - SERIAL PORT PRIORITY
0000             86   PT2    BIT   0BDH  ;IP.5 - TIMER 2 PRIORITY
0000             87   CAP2   BIT   0C8H  ;T2CON.0 - CAPTURE OR RELOAD SELECT
0000             88   CNT2   BIT   0C9H  ;T2CON.1 - TIMER OR COUNTER SELECT
0000             89   TR2    BIT   0CAH  ;T2CON.2 - TIMER 2 ON/OFF CONTROL
0000             90   EXEN2  BIT   0CBH  ;T2CON.3 - TIMER 2 EXTERNAL ENABLE FLAG
0000             91   TCLK   BIT   0CCH  ;T2CON.4 - TRANSMIT CLOCK SELECT
0000             92   RCLK   BIT   0CDH  ;T2CON.5 - RECEIVE CLOCK SELECTT
0000             93   EXF2   BIT   0CEH  ;T2CON.6 - EXTERNAL TRANSITION FLAG
0000             94   TF2    BIT   0CFH  ;T2CON.7 - TIMER 2 OVERFLOW FLAG
0000             95   P      BIT   0D0H  ;PSW.0 - ACCUMULATOR PARITY FLAG
0000             96   OV     BIT   0D2H  ;PSW.2 - OVERFLOW FLAG
0000             97   RS0    BIT   0D3H  ;PSW.3 - REGISTER BANK SELECT 0
0000             98   RS1    BIT   0D4H  ;PSW.4 - REGISTER BANK SELECT 1
0000             99   F0     BIT   0D5H  ;PSW.5 - FLAG 0
0000            100   AC     BIT   0D6H  ;PSW.6 - AUXILIARY CARRY FLAG
0000            101   CY     BIT   0D7H  ;PSW.7 - CARRY FLAG
0000            102   
0000            103   ; For the altera DE2 configured with an 8051/8052 softcore processor
0000            104   ; we have the following extra registers:
0000            105   
0000            106   HEX0   DATA  091H ; Zero turns the segment on
0000            107   HEX1   DATA  092H ; 
0000            108   HEX2   DATA  093H ; 
0000            109   HEX3   DATA  094H ; 
0000            110   HEX4   DATA  08EH ;
0000            111   HEX5   DATA  08FH ;
0000            112   HEX6   DATA  096H ;
0000            113   HEX7   DATA  097H ;
0000            114   
0000            115   P0MOD  DATA  09AH ; Input/output mode bits for port 0.  '1' sets the port to output mode.
0000            116   P1MOD  DATA  09BH ; Input/output mode bits for port 1
0000            117   P2MOD  DATA  09CH ; Input/output mode bits for port 2
0000            118   P3MOD  DATA  09DH ; Input/output mode bits for port 3
0000            119   
0000            120   LEDRA  DATA  0E8H ; LEDs LEDR0 to LEDR7 (bit addressable, ex: LEDRA.1 for LEDR1)
0000            121   LEDRB  DATA  095H ; LEDs LEDR8 to LEDR15
0000            122   LEDRC  DATA  09EH ; LEDs LEDR16, LEDR15, and LEDG8
0000            123   LEDG   DATA  0F8H ; LEDs LEDG0 to LEDG7 (bit addressable, ex: LEDG.3 for LEDG3)
0000            124   SWA    DATA  0E8H ; Switches SW0 to SW7 (bit addressable, ex: SWA.1 for SW1)
0000            125   SWB    DATA  095H ; Switches SW8 to SW15
0000            126   SWC    DATA  09EH ; Switches SW16 and SW17
0000            127   KEY    DATA  0F8H ; KEY1=KEY.1, KEY2=KEY.2, KEY3=KEY.3.  KEY0 is the reset button! 
0000            128   
0000            129   LCD_CMD   DATA 0D8H ;
0000            130   LCD_DATA  DATA 0D9H ;
0000            131   LCD_MOD   DATA 0DAH ; Write 0xff to make LCD_DATA an output
0000            132   LCD_RW    BIT  0D8H ; '0' writes to LCD
0000            133   LCD_EN    BIT  0D9H ; Toggle from '1' to '0'
0000            134   LCD_RS    BIT  0DAH ; '0' for commands, '1' for data
0000            135   LCD_ON    BIT  0DBH ; Write '1' to power the LCD
0000            136   LCD_BLON  BIT  0DCH ; Write '1' to turn on back light
0000            137   
0000            138   FLASH_CMD  data 0DBH ; The control bits of the flash memory:
0000            139   ; bit 0: FL_RST_N  Set to 1 for normal operation
0000            140   ; bit 1: FL_WE_N
0000            141   ; bit 2: FL_OE_N
0000            142   ; bit 3: FL_CE_N
0000            143   FLASH_DATA data 0DCH ; 8-bit data bus of flash memory.
0000            144   FLASH_MOD  data 0DDH ; 0xff makes FLASH_DATA output.  0x00 makes FLASH_DATA input.
0000            145   FLASH_ADD0 data 0E1H ; address bits 0 to 7.
0000            146   FLASH_ADD1 data 0E2H ; address bits 8 to 15.
0000            147   FLASH_ADD2 data 0E3H ; address bits 16 to 21.
0000            148   
0000              2   
0000              3   ; numbers
0000              4   ZERO equ #0x40
0000              5   ONE equ #0x79
0000              6   TWO equ #0x24
0000              7   THREE equ #0x30
0000              8   FOUR equ #0x19
0000              9   FIVE equ #0x12
0000             10   SIX equ #0x02
0000             11   SEVEN equ #0x78
0000             12   
0000             13   
0000             14   ; letters
0000             15   LETTER_H equ #0x09
0000             16   LETTER_E equ #0x06
0000             17   LETTER_L equ #0x47
0000             18   LETTER_O equ #0x40
0000             19   LETTER_C equ #0x46
0000             20   LETTER_P equ #0x0c
0000             21   LETTER_N equ #0x2b
0000             22   BLANK equ #0xff
0000             23   
0000             24   
0000             25   org 0000H
0000 02001D      26            ljmp Main
0003             27   
0003             28   Delay:
0003 7A28        29                    mov R2, #40
0005 79FA        30            L3:     mov R1, #250
0007 78FA        31            L2:     mov R0, #250
0009 D8FE        32            L1: djnz R0, L1 ;3 Machince cycles 
000B D9FA        33                    djnz R1, L2
000D DAF6        34                    djnz R2, L3 
000F 22          35                    ret
0010             36   
0010             37   Blink:
0010 7AB4        38       mov R2, #180
0012 79FA        39            L6:     mov R1, #250
0014 7819        40            L5:     mov R0, #25
0016 D8FE        41            L4: djnz R0, L4 ;3 Machince cycles 
0018 D9FA        42                    djnz R1, L5
001A DAF6        43                    djnz R2, L6 
001C 22          44                    ret
001D             45   
001D             46   Main:
001D             47            ;XXX
001D 20EA0F      48       jb SWA.2, SWA1IF1XX ;if sw2 is high check sw 1
0020             49       
0020             50                ;0XX
0020 20E906      51                jb SWA.1, SWA0IF01X ;if sw2 is low and sw1 is high and sw2 is low do task 3
0023             52            
0023             53                ;00X
0023             54                    ;001
0023 20E838      55                        jb SWA.0, Task1
0026             56                        ;000
0026 020047      57                        ljmp Task0
0029             58                        
0029             59                    ;01X
0029             60                            ;011
0029 20E812      61                        SWA0IF01X: jb SWA.0, ToTask3
002C             62                        ;010
002C 020075      63                        ljmp Task2
002F             64       
002F             65                    ;1XX
002F 20E906      66                    SWA1IF1XX: jb SWA.1, SWA1IF11X  ;if sw1 if high given sw2 then go to task 7
0032             67                        ;10X
0032             68                            ;101
0032 20E80F      69                                jb SWA.0, ToTask5
0035             70                                ;100
0035 0201CA      71                                ljmp Task4
0038             72                            ;11X
0038             73                                    ;111
0038 20E806      74                                    SWA1IF11X: jb SWA.0, ToTask7
003B             75                                    ;110
003B 02028D      76                                    ljmp Task6
003E             77      
003E 02011F      78            ToTask3: ljmp Task3
0041 0202CF      79            ToTask7: ljmp Task7
0044 0201F7      80            ToTask5: ljmp Task5
0047             81   
0047             82   Task0:
0047 758F19      83            mov HEX5, FOUR
004A 758E30      84       mov HEX4, THREE
004D 759419      85       mov HEX3, FOUR
0050 759302      86       mov HEX2, SIX
0053 759219      87       mov HEX1, FOUR
0056 759179      88       mov HEX0, ONE
0059 120003      89       lcall Delay
005C 80BF        90       jmp Main
005E             91   
005E             92   Task1:
005E 758FFF      93       mov HEX5, BLANK
0061 758EFF      94       mov HEX4, BLANK
0064 7594FF      95       mov HEX3, BLANK
0067 7593FF      96       mov HEX2, BLANK
006A 759202      97       mov HEX1, SIX
006D 759130      98       mov HEX0, THREE
0070 120003      99       lcall Delay
0073 80A8       100       jmp Main
0075            101   
0075            102   Task2:
0075 758F19     103       mov HEX5, FOUR
0078 758E30     104       mov HEX4, THREE
007B 759419     105       mov HEX3, FOUR
007E 759302     106       mov HEX2, SIX
0081 759219     107       mov HEX1, FOUR
0084 759179     108       mov HEX0, ONE
0087 120003     109       lcall Delay
008A            110   
008A 758F30     111       mov HEX5, THREE
008D 758E19     112       mov HEX4, FOUR
0090 759402     113       mov HEX3, SIX
0093 759319     114       mov HEX2, FOUR
0096 759279     115       mov HEX1, ONE
0099 759102     116       mov HEX0, SIX
009C 120003     117       lcall Delay
009F            118   
009F 758F19     119       mov HEX5, FOUR
00A2 758E02     120       mov HEX4, SIX
00A5 759419     121       mov HEX3, FOUR
00A8 759379     122       mov HEX2, ONE
00AB 759202     123       mov HEX1, SIX
00AE 759130     124       mov HEX0, THREE
00B1 120003     125       lcall Delay
00B4            126   
00B4 758F02     127       mov HEX5, SIX
00B7 758E19     128       mov HEX4, FOUR
00BA 759479     129       mov HEX3, ONE
00BD 759302     130       mov HEX2, SIX
00C0 759230     131       mov HEX1, THREE
00C3 759119     132       mov HEX0, FOUR
00C6 120003     133       lcall Delay
00C9            134   
00C9 758F19     135       mov HEX5, FOUR
00CC 758E79     136       mov HEX4, ONE
00CF 759402     137       mov HEX3, SIX
00D2 759330     138       mov HEX2, THREE
00D5 759219     139       mov HEX1, FOUR
00D8 759130     140       mov HEX0, THREE
00DB 120003     141       lcall Delay
00DE            142   
00DE 758F79     143       mov HEX5, ONE
00E1 758E02     144       mov HEX4, SIX
00E4 759430     145       mov HEX3, THREE
00E7 759319     146       mov HEX2, FOUR
00EA 759230     147       mov HEX1, THREE
00ED 759119     148       mov HEX0, FOUR
00F0 120003     149       lcall Delay
00F3            150   
00F3 758F02     151       mov HEX5, SIX
00F6 758E30     152       mov HEX4, THREE
00F9 759419     153       mov HEX3, FOUR
00FC 759330     154       mov HEX2, THREE
00FF 759219     155       mov HEX1, FOUR
0102 759102     156       mov HEX0, SIX
0105 120003     157       lcall Delay
0108            158   
0108 758F30     159       mov HEX5, THREE
010B 758E19     160       mov HEX4, FOUR
010E 759430     161       mov HEX3, THREE
0111 759319     162       mov HEX2, FOUR
0114 759202     163       mov HEX1, SIX
0117 759119     164       mov HEX0, FOUR
011A 120003     165       lcall Delay
011D 011D       166       jmp Main
011F            167   
011F            168   Task3:
011F 758F19     169       mov HEX5, FOUR
0122 758E30     170       mov HEX4, THREE
0125 759419     171       mov HEX3, FOUR
0128 759302     172       mov HEX2, SIX
012B 759219     173       mov HEX1, FOUR
012E 759179     174       mov HEX0, ONE
0131 120003     175       lcall Delay
0134            176   
0134 758F30     177       mov HEX5, THREE
0137 758E19     178       mov HEX4, FOUR
013A 759430     179       mov HEX3, THREE
013D 759319     180       mov HEX2, FOUR
0140 759202     181       mov HEX1, SIX
0143 759119     182       mov HEX0, FOUR
0146 120003     183       lcall Delay
0149            184   
0149 758F02     185       mov HEX5, SIX
014C 758E30     186       mov HEX4, THREE
014F 759419     187       mov HEX3, FOUR
0152 759330     188       mov HEX2, THREE
0155 759219     189       mov HEX1, FOUR
0158 759102     190       mov HEX0, SIX
015B 120003     191       lcall Delay
015E            192   
015E 758F79     193       mov HEX5, ONE
0161 758E02     194       mov HEX4, SIX
0164 759430     195       mov HEX3, THREE
0167 759319     196       mov HEX2, FOUR
016A 759230     197       mov HEX1, THREE
016D 759119     198       mov HEX0, FOUR
0170 120003     199       lcall Delay
0173            200   
0173 758F19     201       mov HEX5, FOUR
0176 758E79     202       mov HEX4, ONE
0179 759402     203       mov HEX3, SIX
017C 759330     204       mov HEX2, THREE
017F 759219     205       mov HEX1, FOUR
0182 759130     206       mov HEX0, THREE
0185 120003     207       lcall Delay
0188            208   
0188 758F02     209       mov HEX5, SIX
018B 758E19     210       mov HEX4, FOUR
018E 759479     211       mov HEX3, ONE
0191 759302     212       mov HEX2, SIX
0194 759230     213       mov HEX1, THREE
0197 759119     214       mov HEX0, FOUR
019A 120003     215       lcall Delay
019D            216   
019D 758F19     217       mov HEX5, FOUR
01A0 758E02     218       mov HEX4, SIX
01A3 759419     219       mov HEX3, FOUR
01A6 759379     220       mov HEX2, ONE
01A9 759202     221       mov HEX1, SIX
01AC 759130     222       mov HEX0, THREE
01AF 120003     223       lcall Delay
01B2            224   
01B2 758F30     225       mov HEX5, THREE
01B5 758E19     226       mov HEX4, FOUR
01B8 759402     227       mov HEX3, SIX
01BB 759319     228       mov HEX2, FOUR
01BE 759279     229       mov HEX1, ONE
01C1 759102     230       mov HEX0, SIX
01C4 120003     231       lcall Delay
01C7 02001D     232       ljmp Main
01CA            233   
01CA            234   Task4:
01CA 758F19     235       mov HEX5, FOUR
01CD 758E30     236       mov HEX4, THREE
01D0 759419     237       mov HEX3, FOUR
01D3 759302     238       mov HEX2, SIX
01D6 759219     239       mov HEX1, FOUR
01D9 759179     240       mov HEX0, ONE
01DC 120003     241       lcall Delay
01DF 758FFF     242       mov HEX5, BLANK
01E2 758EFF     243       mov HEX4, BLANK
01E5 7594FF     244       mov HEX3, BLANK
01E8 7593FF     245       mov HEX2, BLANK
01EB 7592FF     246       mov HEX1, BLANK
01EE 7591FF     247       mov HEX0, BLANK
01F1 120010     248       lcall Blink
01F4 02001D     249       ljmp Main
01F7            250   
01F7            251   Task5:
01F7 758FFF     252       mov HEX5, BLANK
01FA 758EFF     253       mov HEX4, BLANK
01FD 7594FF     254       mov HEX3, BLANK
0200 7593FF     255       mov HEX2, BLANK
0203 7592FF     256       mov HEX1, BLANK
0206 7591FF     257       mov HEX0, BLANK
0209 120003     258       lcall Delay
020C            259   
020C 758F19     260       mov HEX5, FOUR
020F 758EFF     261       mov HEX4, BLANK
0212 7594FF     262       mov HEX3, BLANK
0215 7593FF     263       mov HEX2, BLANK
0218 7592FF     264       mov HEX1, BLANK
021B 7591FF     265       mov HEX0, BLANK
021E 120003     266       lcall Delay
0221            267   
0221 758F19     268       mov HEX5, FOUR
0224 758E30     269       mov HEX4, THREE
0227 7594FF     270       mov HEX3, BLANK
022A 7593FF     271       mov HEX2, BLANK
022D 7592FF     272       mov HEX1, BLANK
0230 7591FF     273       mov HEX0, BLANK
0233 120003     274       lcall Delay
0236            275   
0236 758F19     276       mov HEX5, FOUR
0239 758E30     277       mov HEX4, THREE
023C 759419     278       mov HEX3, FOUR
023F 7593FF     279       mov HEX2, BLANK
0242 7592FF     280       mov HEX1, BLANK
0245 7591FF     281       mov HEX0, BLANK
0248 120003     282       lcall Delay
024B            283   
024B 758F19     284       mov HEX5, FOUR
024E 758E30     285       mov HEX4, THREE
0251 759419     286       mov HEX3, FOUR
0254 759302     287       mov HEX2, SIX
0257 7592FF     288       mov HEX1, BLANK
025A 7591FF     289       mov HEX0, BLANK
025D 120003     290       lcall Delay
0260            291   
0260 758F19     292       mov HEX5, FOUR
0263 758E30     293       mov HEX4, THREE
0266 759419     294       mov HEX3, FOUR
0269 759302     295       mov HEX2, SIX
026C 759219     296       mov HEX1, FOUR
026F 7591FF     297       mov HEX0, BLANK
0272 120003     298       lcall Delay
0275            299   
0275 758F19     300       mov HEX5, FOUR
0278 758E30     301       mov HEX4, THREE
027B 759419     302       mov HEX3, FOUR
027E 759302     303       mov HEX2, SIX
0281 759219     304       mov HEX1, FOUR
0284 759179     305       mov HEX0, ONE
0287 120003     306       lcall Delay
028A 02001D     307       ljmp Main
028D            308   
028D            309   Task6:
028D 758F09     310       mov HEX5, LETTER_H
0290 758E06     311       mov HEX4, LETTER_E
0293 759447     312       mov HEX3, LETTER_L
0296 759347     313       mov HEX2, LETTER_L
0299 759240     314       mov HEX1, LETTER_O
029C 7591FF     315       mov HEX0, BLANK
029F 120003     316       lcall Delay
02A2 758F19     317       mov HEX5, FOUR
02A5 758E30     318       mov HEX4, THREE
02A8 759419     319       mov HEX3, FOUR
02AB 759302     320       mov HEX2, SIX
02AE 759219     321       mov HEX1, FOUR
02B1 759179     322       mov HEX0, ONE
02B4 120003     323       lcall Delay
02B7 758F46     324       mov HEX5, LETTER_C
02BA 758E0C     325       mov HEX4, LETTER_P
02BD 75942B     326       mov HEX3, LETTER_N
02C0 759330     327       mov HEX2, THREE
02C3 759279     328       mov HEX1, ONE
02C6 759124     329       mov HEX0, TWO
02C9 120003     330       lcall Delay
02CC 02001D     331       ljmp Main
02CF            332   Task7:
02CF 758FFF     333       mov HEX5, BLANK
02D2 758EFF     334       mov HEX4, BLANK
02D5 7594FF     335       mov HEX3, BLANK
02D8 7593FF     336       mov HEX2, BLANK
02DB 7592FF     337       mov HEX1, BLANK
02DE 7591FF     338       mov HEX0, BLANK
02E1 120003     339       lcall Delay
02E4            340   
02E4 758F19     341       mov HEX5, FOUR
02E7 758EFF     342       mov HEX4, BLANK
02EA 7594FF     343       mov HEX3, BLANK
02ED 7593FF     344       mov HEX2, BLANK
02F0 7592FF     345       mov HEX1, BLANK
02F3 7591FF     346       mov HEX0, BLANK
02F6 120003     347       lcall Delay
02F9            348   
02F9 758F19     349       mov HEX5, FOUR
02FC 758E30     350       mov HEX4, THREE
02FF 7594FF     351       mov HEX3, BLANK
0302 7593FF     352       mov HEX2, BLANK
0305 7592FF     353       mov HEX1, BLANK
0308 7591FF     354       mov HEX0, BLANK
030B 120003     355       lcall Delay
030E            356   
030E 758F19     357       mov HEX5, FOUR
0311 758E30     358       mov HEX4, THREE
0314 759419     359       mov HEX3, FOUR
0317 7593FF     360       mov HEX2, BLANK
031A 7592FF     361       mov HEX1, BLANK
031D 7591FF     362       mov HEX0, BLANK
0320 120003     363       lcall Delay
0323            364   
0323 758F19     365       mov HEX5, FOUR
0326 758E30     366       mov HEX4, THREE
0329 759419     367       mov HEX3, FOUR
032C 759302     368       mov HEX2, SIX
032F 7592FF     369       mov HEX1, BLANK
0332 7591FF     370       mov HEX0, BLANK
0335 120003     371       lcall Delay
0338            372   
0338 758F19     373       mov HEX5, FOUR
033B 758EFF     374       mov HEX4, BLANK
033E 7594FF     375       mov HEX3, BLANK
0341 7593FF     376       mov HEX2, BLANK
0344 7592FF     377       mov HEX1, BLANK
0347 7591FF     378       mov HEX0, BLANK
034A 120003     379       lcall Delay
034D            380   
034D 758F19     381       mov HEX5, FOUR
0350 758E79     382       mov HEX4, ONE
0353 7594FF     383       mov HEX3, BLANK
0356 7593FF     384       mov HEX2, BLANK
0359 7592FF     385       mov HEX1, BLANK
035C 7591FF     386       mov HEX0, BLANK
035F 120003     387       lcall Delay
0362            388   
0362 758F19     389       mov HEX5, FOUR
0365 758E79     390       mov HEX4, ONE
0368 759402     391       mov HEX3, SIX
036B 7593FF     392       mov HEX2, BLANK
036E 7592FF     393       mov HEX1, BLANK
0371 7591FF     394       mov HEX0, BLANK
0374 120003     395       lcall Delay
0377            396   
0377 758F19     397       mov HEX5, FOUR
037A 758E79     398       mov HEX4, ONE
037D 759402     399       mov HEX3, SIX
0380 759330     400       mov HEX2, THREE
0383 7592FF     401       mov HEX1, BLANK
0386 7591FF     402       mov HEX0, BLANK
0389 120003     403       lcall Delay
038C 02001D     404       ljmp Main
038F            405     
038F            406    EN
